BL51 BANKED LINKER/LOCATER V6.22                                                        09/11/2017  15:58:19  PAGE 1


BL51 BANKED LINKER/LOCATER V6.22, INVOKED BY:
D:\KEIL\C51\BIN\BL51.EXE .\Ð¡³µ³µ×îÖÕ°æ.obj TO ×îÖÕ RAMSIZE (256)


MEMORY MODEL: SMALL


INPUT MODULES INCLUDED:
  .\Ð¡³µ³µ×îÖÕ°æ.obj (Ð¡³µ³µ×î_Õ_æ)
  D:\KEIL\C51\LIB\C51S.LIB (?C_STARTUP)
  D:\KEIL\C51\LIB\C51S.LIB (?C_INIT)


LINK MAP OF MODULE:  ×îÖÕ (Ð¡³µ³µ×î_Õ_æ)


            TYPE    BASE      LENGTH    RELOCATION   SEGMENT NAME
            -----------------------------------------------------

            * * * * * * *   D A T A   M E M O R Y   * * * * * * *
            REG     0000H     0008H     ABSOLUTE     "REG BANK 0"
            DATA    0008H     000BH     UNIT         ?DT?Ð¡³µ³µ×î_Õ_æ
            IDATA   0013H     0001H     UNIT         ?STACK

            * * * * * * *   C O D E   M E M O R Y   * * * * * * *
            CODE    0000H     0003H     ABSOLUTE     
                    0003H     0008H                  *** GAP ***
            CODE    000BH     0003H     ABSOLUTE     
            CODE    000EH     000BH     UNIT         ?PR?_DISPLAY1?Ð¡³µ³µ×î_Õ_æ
                    0019H     0002H                  *** GAP ***
            CODE    001BH     0003H     ABSOLUTE     
            CODE    001EH     0129H     UNIT         ?PR?MAIN?Ð¡³µ³µ×î_Õ_æ
            CODE    0147H     008CH     UNIT         ?C_C51STARTUP
            CODE    01D3H     0060H     UNIT         ?PR?DISPLAY0?Ð¡³µ³µ×î_Õ_æ
            CODE    0233H     005FH     UNIT         ?PR?TIMER0?Ð¡³µ³µ×î_Õ_æ
            CODE    0292H     0029H     UNIT         ?PR?TIMER1?Ð¡³µ³µ×î_Õ_æ
            CODE    02BBH     0022H     UNIT         ?C_INITSEG
            CODE    02DDH     0014H     UNIT         ?CO?Ð¡³µ³µ×î_Õ_æ



OVERLAY MAP OF MODULE:   ×îÖÕ (Ð¡³µ³µ×î_Õ_æ)


SEGMENT
  +--> CALLED SEGMENT
---------------------
?C_C51STARTUP
  +--> ?PR?MAIN?Ð¡³µ³µ×î_Õ_æ
  +--> ?C_INITSEG

?PR?MAIN?Ð¡³µ³µ×î_Õ_æ
  +--> ?PR?DISPLAY0?Ð¡³µ³µ×î_Õ_æ
  +--> ?PR?_DISPLAY1?Ð¡³µ³µ×î_Õ_æ

?PR?DISPLAY0?Ð¡³µ³µ×î_Õ_æ
  +--> ?CO?Ð¡³µ³µ×î_Õ_æ

BL51 BANKED LINKER/LOCATER V6.22                                                      09/11/2017  15:58:19  PAGE 2


?PR?_DISPLAY1?Ð¡³µ³µ×î_Õ_æ
  +--> ?CO?Ð¡³µ³µ×î_Õ_æ



SYMBOL TABLE OF MODULE:  ×îÖÕ (Ð¡³µ³µ×î_Õ_æ)

  VALUE           TYPE          NAME
  ----------------------------------

  -------         MODULE        Ð¡³µ³µ×î_Õ_æ
  C:0000H         SYMBOL        _ICE_DUMMY_
  D:0080H         PUBLIC        P0
  D:0090H         PUBLIC        P1
  D:00A0H         PUBLIC        P2
  D:00B0H         PUBLIC        P3
  D:00A8H         PUBLIC        IE
  D:0008H         PUBLIC        biao
  D:0009H         PUBLIC        t1
  D:000AH         PUBLIC        t2
  C:001EH         PUBLIC        main
  D:000BH         PUBLIC        x1
  D:000CH         PUBLIC        x2
  C:01D3H         PUBLIC        display0
  D:000DH         PUBLIC        x3
  C:000EH         PUBLIC        _display1
  D:000EH         PUBLIC        x4
  D:000FH         PUBLIC        x5
  D:0010H         PUBLIC        x6
  D:0089H         PUBLIC        TMOD
  B:0090H.6       PUBLIC        ce
  D:008CH         PUBLIC        TH0
  D:008DH         PUBLIC        TH1
  D:008AH         PUBLIC        TL0
  D:008BH         PUBLIC        TL1
  C:0233H         PUBLIC        timer0
  C:0292H         PUBLIC        timer1
  B:0088H.4       PUBLIC        TR0
  B:0088H.6       PUBLIC        TR1
  C:02DDH         PUBLIC        TIME0
  C:02E7H         PUBLIC        TIME1
  D:0011H         PUBLIC        tr
  D:0012H         PUBLIC        r
  B:0090H.7       PUBLIC        guiling
  -------         PROC          DISPLAY0
  C:01D3H         LINE#         13
  C:01D3H         LINE#         14
  C:01D3H         LINE#         15
  C:01E2H         LINE#         16
  C:01F2H         LINE#         18
  C:0202H         LINE#         19
  C:0212H         LINE#         21
  C:0222H         LINE#         22
  C:0232H         LINE#         23
  -------         ENDPROC       DISPLAY0
  -------         PROC          _DISPLAY1
  D:0007H         SYMBOL        k
BL51 BANKED LINKER/LOCATER V6.22                                                      09/11/2017  15:58:19  PAGE 3


  C:000EH         LINE#         24
  C:000EH         LINE#         25
  C:000EH         LINE#         26
  C:0011H         LINE#         27
  C:0018H         LINE#         28
  -------         ENDPROC       _DISPLAY1
  -------         PROC          TIMER0
  C:0233H         LINE#         30
  C:0237H         LINE#         32
  C:023AH         LINE#         33
  C:023DH         LINE#         34
  C:023FH         LINE#         35
  C:024BH         LINE#         36
  C:0253H         LINE#         37
  C:025DH         LINE#         38
  C:0267H         LINE#         39
  C:0271H         LINE#         40
  C:027BH         LINE#         41
  C:0285H         LINE#         42
  C:028DH         LINE#         43
  -------         ENDPROC       TIMER0
  -------         PROC          TIMER1
  C:0292H         LINE#         44
  C:0296H         LINE#         46
  C:0299H         LINE#         47
  C:029CH         LINE#         48
  C:029EH         LINE#         49
  C:02A6H         LINE#         50
  C:02AEH         LINE#         51
  C:02B6H         LINE#         52
  -------         ENDPROC       TIMER1
  -------         PROC          MAIN
  C:001EH         LINE#         54
  C:001EH         LINE#         55
  C:001EH         LINE#         56
  C:0021H         LINE#         57
  C:0024H         LINE#         58
  C:0026H         LINE#         59
  C:0029H         LINE#         60
  C:002CH         LINE#         61
  C:002EH         LINE#         62
  C:0031H         LINE#         63
  C:0034H         LINE#         64
  C:0034H         LINE#         65
  C:0034H         LINE#         66
  C:0064H         LINE#         67
  C:0095H         LINE#         68
  C:00A5H         LINE#         69
  C:00B5H         LINE#         70
  C:00C1H         LINE#         71
  C:00D9H         LINE#         72
  C:00F1H         LINE#         73
  C:0100H         LINE#         75
  C:0119H         LINE#         76
  C:0130H         LINE#         77
  C:0141H         LINE#         78
  C:0144H         LINE#         79
BL51 BANKED LINKER/LOCATER V6.22                                                      09/11/2017  15:58:19  PAGE 4


  -------         ENDPROC       MAIN
  -------         ENDMOD        Ð¡³µ³µ×î_Õ_æ

Program Size: data=20.0 xdata=0 code=743
LINK/LOCATE RUN COMPLETE.  0 WARNING(S),  0 ERROR(S)
